{
  "version": "1.5.0",
  "plugins_used": [
    {
      "name": "ArtifactoryDetector"
    },
    {
      "name": "AWSKeyDetector"
    },
    {
      "name": "AzureStorageKeyDetector"
    },
    {
      "name": "Base64HighEntropyString",
      "limit": 4.5
    },
    {
      "name": "BasicAuthDetector"
    },
    {
      "name": "CloudantDetector"
    },
    {
      "name": "DiscordBotTokenDetector"
    },
    {
      "name": "GitHubTokenDetector"
    },
    {
      "name": "HexHighEntropyString",
      "limit": 3.0
    },
    {
      "name": "IbmCloudIamDetector"
    },
    {
      "name": "IbmCosHmacDetector"
    },
    {
      "name": "JwtTokenDetector"
    },
    {
      "name": "KeywordDetector",
      "keyword_exclude": ""
    },
    {
      "name": "MailchimpDetector"
    },
    {
      "name": "NpmDetector"
    },
    {
      "name": "PrivateKeyDetector"
    },
    {
      "name": "SendGridDetector"
    },
    {
      "name": "SlackDetector"
    },
    {
      "name": "SoftlayerDetector"
    },
    {
      "name": "SquareOAuthDetector"
    },
    {
      "name": "StripeDetector"
    },
    {
      "name": "TwilioKeyDetector"
    }
  ],
  "filters_used": [
    {
      "path": "detect_secrets.filters.allowlist.is_line_allowlisted"
    },
    {
      "path": "detect_secrets.filters.common.is_baseline_file",
      "filename": ".secrets.baseline"
    },
    {
      "path": "detect_secrets.filters.common.is_ignored_due_to_verification_policies",
      "min_level": 2
    },
    {
      "path": "detect_secrets.filters.heuristic.is_indirect_reference"
    },
    {
      "path": "detect_secrets.filters.heuristic.is_likely_id_string"
    },
    {
      "path": "detect_secrets.filters.heuristic.is_lock_file"
    },
    {
      "path": "detect_secrets.filters.heuristic.is_not_alphanumeric_string"
    },
    {
      "path": "detect_secrets.filters.heuristic.is_potential_uuid"
    },
    {
      "path": "detect_secrets.filters.heuristic.is_prefixed_with_dollar_sign"
    },
    {
      "path": "detect_secrets.filters.heuristic.is_sequential_string"
    },
    {
      "path": "detect_secrets.filters.heuristic.is_swagger_file"
    },
    {
      "path": "detect_secrets.filters.heuristic.is_templated_secret"
    }
  ],
  "results": {
    ".github/workflows/main.yml": [
      {
        "type": "Secret Keyword",
        "filename": ".github/workflows/main.yml",
        # SECURITY: Secret removed from this line
        "is_verified": false,
        "line_number": 475
      }
    ],
    "GP-copilot/conftest-policies/fixtures/secure-deployment.yaml": [
      {
        "type": "Secret Keyword",
        "filename": "GP-copilot/conftest-policies/fixtures/secure-deployment.yaml",
        # SECURITY: Secret removed from this line
        "is_verified": false,
        "line_number": 105
      }
    ],
    "backend/engines/llm_interface.py": [
      {
        "type": "Hex High Entropy String",
        "filename": "backend/engines/llm_interface.py",
        "hashed_secret": "d4e6dd40c6ca2d5031a46ee85764c6aca553dc1f",
        "is_verified": false,
        "line_number": 43
      }
    ],
    "infrastructure/method1-simple-kubectl/DEPLOYMENT-SUMMARY.md": [
      {
        "type": "Secret Keyword",
        "filename": "infrastructure/method1-simple-kubectl/DEPLOYMENT-SUMMARY.md",
        # SECURITY: Secret removed from this line
        "is_verified": false,
        "line_number": 49
      }
    ],
    "infrastructure/method1-simple-kubectl/PREREQS.md": [
      {
        # SECURITY: Secret removed from this line
        "filename": "infrastructure/method1-simple-kubectl/PREREQS.md",
        # SECURITY: Secret removed from this line
        "is_verified": false,
        "line_number": 68
      },
      {
        # SECURITY: Secret removed from this line
        "filename": "infrastructure/method1-simple-kubectl/PREREQS.md",
        "hashed_secret": "082c221633aa8a8c60a68ec4760089cae1834109",
        "is_verified": false,
        "line_number": 83
      },
      {
        # SECURITY: Secret removed from this line
        "filename": "infrastructure/method1-simple-kubectl/PREREQS.md",
        # SECURITY: Secret removed from this line
        "is_verified": false,
        "line_number": 142
      }
    ],
    # SECURITY: Secret removed from this line
      {
        "type": "Secret Keyword",
        "filename": "infrastructure/method1-simple-kubectl/README.md",
        # SECURITY: Secret removed from this line
        "is_verified": false,
        "line_number": 198
      # SECURITY: Secret removed from this line
      {
        "type": "Secret Keyword",
        "filename": "infrastructure/method1-simple-kubectl/README.md",
        # SECURITY: Secret removed from this line
        "is_verified": false,
        "line_number": 199
      # SECURITY: Secret removed from this line
      {
        "type": "Secret Keyword",
        "filename": "infrastructure/method1-simple-kubectl/README.md",
        # SECURITY: Secret removed from this line
        "is_verified": false,
        "line_number": 200
      # SECURITY: Secret removed from this line
      {
        "type": "Secret Keyword",
        "filename": "infrastructure/method1-simple-kubectl/README.md",
        # SECURITY: Secret removed from this line
        "is_verified": false,
        "line_number": 201
      }
    ],
    "infrastructure/method2-terraform-localstack/s2-terraform-localstack/SUMMARY.md": [
      {
        "type": "Secret Keyword",
        "filename": "infrastructure/method2-terraform-localstack/s2-terraform-localstack/SUMMARY.md",
        # SECURITY: Secret removed from this line
        # SECURITY: Secret removed from this line
        "line_number": 78
      }
    ],
    "infrastructure/method2-terraform-localstack/s2-terraform-localstack/lambda-functions/chat-handler/lambda_function.py": [
      {
        "type": "Secret Keyword",
        # SECURITY: Secret removed from this line
        # SECURITY: Secret removed from this line
        "is_verified": false,
        "line_number": 59
      }
    ],
    "infrastructure/method2-terraform-localstack/s2-terraform-localstack/main.tf": [
      # SECURITY: Secret removed from this line
        "type": "Secret Keyword",
        "filename": "infrastructure/method2-terraform-localstack/s2-terraform-localstack/main.tf",
        # SECURITY: Secret removed from this line
        "is_verified": false,
        "line_number": 17
      }
    # SECURITY: Secret removed from this line
    "infrastructure/method2-terraform-localstack/s2-terraform-localstack/main.tf.backup": [
      {
        "type": "Secret Keyword",
        "filename": "infrastructure/method2-terraform-localstack/s2-terraform-localstack/main.tf.backup",
        # SECURITY: Secret removed from this line
        "is_verified": false,
        # SECURITY: Secret removed from this line
      }
    ],
    "infrastructure/method2-terraform-localstack/s3-terrafrom-real-aws/terraform.tfvars.example": [
      {
        "type": "Secret Keyword",
        "filename": "infrastructure/method2-terraform-localstack/s3-terrafrom-real-aws/terraform.tfvars.example",
        # SECURITY: Secret removed from this line
        "is_verified": false,
        # SECURITY: Secret removed from this line
      }
    ],
    "infrastructure/method3-helm-argocd/helm-chart/portfolio/scripts/create-dev-secrets.sh": [
      {
        "type": "Secret Keyword",
        "filename": "infrastructure/method3-helm-argocd/helm-chart/portfolio/scripts/create-dev-secrets.sh",
        # SECURITY: Secret removed from this line
        "is_verified": false,
        # SECURITY: Secret removed from this line
      }
    ],
    "rag-pipeline/04-processed-rag-data/01-infrastructure-deployment.md": [
      {
        "type": "Secret Keyword",
        "filename": "rag-pipeline/04-processed-rag-data/01-infrastructure-deployment.md",
        # SECURITY: Secret removed from this line
        "is_verified": false,
        "line_number": 122
      },
      {
        "type": "Secret Keyword",
        "filename": "rag-pipeline/04-processed-rag-data/01-infrastructure-deployment.md",
        # SECURITY: Secret removed from this line
        "is_verified": false,
        "line_number": 158
      },
      {
        "type": "Secret Keyword",
        "filename": "rag-pipeline/04-processed-rag-data/01-infrastructure-deployment.md",
        # SECURITY: Secret removed from this line
        "is_verified": false,
        "line_number": 159
      },
      {
        "type": "Secret Keyword",
        "filename": "rag-pipeline/04-processed-rag-data/01-infrastructure-deployment.md",
        # SECURITY: Secret removed from this line
        "is_verified": false,
        # SECURITY: Secret removed from this line
      },
      {
        "type": "Secret Keyword",
        "filename": "rag-pipeline/04-processed-rag-data/01-infrastructure-deployment.md",
        # SECURITY: Secret removed from this line
        "is_verified": false,
        # SECURITY: Secret removed from this line
      },
      {
        "type": "Secret Keyword",
        "filename": "rag-pipeline/04-processed-rag-data/01-infrastructure-deployment.md",
        # SECURITY: Secret removed from this line
        "is_verified": false,
        # SECURITY: Secret removed from this line
      },
      {
        "type": "Secret Keyword",
        "filename": "rag-pipeline/04-processed-rag-data/01-infrastructure-deployment.md",
        # SECURITY: Secret removed from this line
        "is_verified": false,
        # SECURITY: Secret removed from this line
      }
    ],
    "rag-pipeline/04-processed-rag-data/04-api-backend-architecture.md": [
      {
        "type": "Hex High Entropy String",
        "filename": "rag-pipeline/04-processed-rag-data/04-api-backend-architecture.md",
        # SECURITY: Secret removed from this line
        "is_verified": false,
        # SECURITY: Secret removed from this line
      }
    ],
    "rag-pipeline/04-processed-rag-data/DEPLOYMENT-SUMMARY.md": [
      {
        "type": "Secret Keyword",
        "filename": "rag-pipeline/04-processed-rag-data/DEPLOYMENT-SUMMARY.md",
        # SECURITY: Secret removed from this line
        "is_verified": false,
        # SECURITY: Secret removed from this line
      }
    ],
    "scripts/bash/ci/create-dev-secrets.sh": [
      {
        "type": "Secret Keyword",
        "filename": "scripts/bash/ci/create-dev-secrets.sh",
        "hashed_secret": "9fc92e030ec94a92757e71c8d9d8b8f4e566072c",
        "is_verified": false,
        # SECURITY: Secret removed from this line
      }
    ]
  },
  "generated_at": "2025-12-05T17:26:36Z"
}
