{
  "version": "1.5.0",
  "plugins_used": [
    {
      "name": "ArtifactoryDetector"
    },
    {
      "name": "AWSKeyDetector"
    },
    {
      "name": "AzureStorageKeyDetector"
    },
    {
      "name": "Base64HighEntropyString",
      "limit": 4.5
    },
    {
      "name": "BasicAuthDetector"
    },
    {
      "name": "CloudantDetector"
    },
    {
      "name": "DiscordBotTokenDetector"
    },
    {
      "name": "GitHubTokenDetector"
    },
    {
      "name": "HexHighEntropyString",
      "limit": 3.0
    },
    {
      "name": "IbmCloudIamDetector"
    },
    {
      "name": "IbmCosHmacDetector"
    },
    {
      "name": "JwtTokenDetector"
    },
    {
      "name": "KeywordDetector",
      "keyword_exclude": ""
    },
    {
      "name": "MailchimpDetector"
    },
    {
      "name": "NpmDetector"
    },
    {
      "name": "PrivateKeyDetector"
    },
    {
      "name": "SendGridDetector"
    },
    {
      "name": "SlackDetector"
    },
    {
      "name": "SoftlayerDetector"
    },
    {
      "name": "SquareOAuthDetector"
    },
    {
      "name": "StripeDetector"
    },
    {
      "name": "TwilioKeyDetector"
    }
  ],
  "filters_used": [
    {
      "path": "detect_secrets.filters.allowlist.is_line_allowlisted"
    },
    {
      "path": "detect_secrets.filters.common.is_baseline_file",
      "filename": ".secrets.baseline"
    },
    {
      "path": "detect_secrets.filters.common.is_ignored_due_to_verification_policies",
      "min_level": 2
    },
    {
      "path": "detect_secrets.filters.heuristic.is_indirect_reference"
    },
    {
      "path": "detect_secrets.filters.heuristic.is_likely_id_string"
    },
    {
      "path": "detect_secrets.filters.heuristic.is_lock_file"
    },
    {
      "path": "detect_secrets.filters.heuristic.is_not_alphanumeric_string"
    },
    {
      "path": "detect_secrets.filters.heuristic.is_potential_uuid"
    },
    {
      "path": "detect_secrets.filters.heuristic.is_prefixed_with_dollar_sign"
    },
    {
      "path": "detect_secrets.filters.heuristic.is_sequential_string"
    },
    {
      "path": "detect_secrets.filters.heuristic.is_swagger_file"
    },
    {
      "path": "detect_secrets.filters.heuristic.is_templated_secret"
    }
  ],
  "results": {
    "GP-copilot/conftest-policies/fixtures/secure-deployment.yaml": [
      {
        "type": "Secret Keyword",
        "filename": "GP-copilot/conftest-policies/fixtures/secure-deployment.yaml",
        "hashed_secret": "5242e89ae0b20414d1784e0b1895872c38f7c773",
        "is_verified": false,
        "line_number": 105
      }
    ],
    "backend/engines/llm_interface.py": [
      {
        "type": "Hex High Entropy String",
        "filename": "backend/engines/llm_interface.py",
        "hashed_secret": "d4e6dd40c6ca2d5031a46ee85764c6aca553dc1f",
        "is_verified": false,
        "line_number": 43
      }
    ],
    "docs/development/API_DOCUMENTATION.md": [
      {
        "type": "Secret Keyword",
        "filename": "docs/development/API_DOCUMENTATION.md",
        "hashed_secret": "ec3810e10fb78db55ce38b9c18d1c3eb1db739e0",
        "is_verified": false,
        "line_number": 28
      }
    ],
    "docs/releases/package-analysis.txt": [
      {
        "type": "Hex High Entropy String",
        "filename": "docs/releases/package-analysis.txt",
        "hashed_secret": "07d7692b9a2c6a7cb3704f64fdebb62c944752b1",
        "is_verified": false,
        "line_number": 19884
      },
      {
        "type": "Hex High Entropy String",
        "filename": "docs/releases/package-analysis.txt",
        "hashed_secret": "c9970ff5de9cb10684444e054f56f7202f909431",
        "is_verified": false,
        "line_number": 19930
      },
      {
        "type": "Hex High Entropy String",
        "filename": "docs/releases/package-analysis.txt",
        "hashed_secret": "64bbc3176abd168ef1521a2f764b733a0b3842a6",
        "is_verified": false,
        "line_number": 21415
      },
      {
        "type": "Hex High Entropy String",
        "filename": "docs/releases/package-analysis.txt",
        "hashed_secret": "5aecb88c09f751a2e2285de6a733bc6d602ac0af",
        "is_verified": false,
        "line_number": 21504
      },
      {
        "type": "Hex High Entropy String",
        "filename": "docs/releases/package-analysis.txt",
        "hashed_secret": "23e230d08d037c7cfa5e947aef7fe0d177228259",
        "is_verified": false,
        "line_number": 21531
      },
      {
        "type": "Hex High Entropy String",
        "filename": "docs/releases/package-analysis.txt",
        "hashed_secret": "426d1d36f3ab868d8c9c7eabcb760f06e176487a",
        "is_verified": false,
        "line_number": 21576
      },
      {
        "type": "Hex High Entropy String",
        "filename": "docs/releases/package-analysis.txt",
        "hashed_secret": "045bc5731cf125c7270c36611799389b0cb372a0",
        "is_verified": false,
        "line_number": 21613
      },
      {
        "type": "Hex High Entropy String",
        "filename": "docs/releases/package-analysis.txt",
        "hashed_secret": "9f4f638bee84c5b1345493d4363600cdf6b6cf5b",
        "is_verified": false,
        "line_number": 21664
      },
      {
        "type": "Hex High Entropy String",
        "filename": "docs/releases/package-analysis.txt",
        "hashed_secret": "bcc91c30c266e5936f33f16751132a9a760313b3",
        "is_verified": false,
        "line_number": 21701
      },
      {
        "type": "Hex High Entropy String",
        "filename": "docs/releases/package-analysis.txt",
        "hashed_secret": "1a70f44f2962c34472c55e98290b98da0d9a0783",
        "is_verified": false,
        "line_number": 21908
      },
      {
        "type": "Hex High Entropy String",
        "filename": "docs/releases/package-analysis.txt",
        "hashed_secret": "a53a6e6e1a8ea2ce09ecee371765bbcea8271844",
        "is_verified": false,
        "line_number": 21952
      },
      {
        "type": "Hex High Entropy String",
        "filename": "docs/releases/package-analysis.txt",
        "hashed_secret": "2bfccfa79692a4cbc33994b4bfd7fdf516b32aa1",
        "is_verified": false,
        "line_number": 21994
      },
      {
        "type": "Hex High Entropy String",
        "filename": "docs/releases/package-analysis.txt",
        "hashed_secret": "23c8da552127dcbef84f457ea7f0bb27abba2f27",
        "is_verified": false,
        "line_number": 22046
      },
      {
        "type": "Hex High Entropy String",
        "filename": "docs/releases/package-analysis.txt",
        "hashed_secret": "6b7858aa8b285fc988a319e74331fba70b38c6a0",
        "is_verified": false,
        "line_number": 23820
      }
    ],
    "docs/yaml/cloudflared-values.yaml": [
      {
        "type": "Secret Keyword",
        "filename": "docs/yaml/cloudflared-values.yaml",
        "hashed_secret": "f73512b0ad893e7c2417662da1125761f4eddf88",
        "is_verified": false,
        "line_number": 4
      }
    ],
    "infrastructure/method1-simple-kubectl/02-secrets-example.yaml": [
      {
        "type": "Secret Keyword",
        "filename": "infrastructure/method1-simple-kubectl/02-secrets-example.yaml",
        "hashed_secret": "fae6cf375323b9cd127413c7529d13f7b6e63185",
        "is_verified": false,
        "line_number": 16
      },
      {
        "type": "Secret Keyword",
        "filename": "infrastructure/method1-simple-kubectl/02-secrets-example.yaml",
        "hashed_secret": "cab7ce2d3faac130b08cf35085fa5aef8f41e0e2",
        "is_verified": false,
        "line_number": 17
      },
      {
        "type": "Secret Keyword",
        "filename": "infrastructure/method1-simple-kubectl/02-secrets-example.yaml",
        "hashed_secret": "5687040266d1ace07fdd4a4515b9387dd5b5a5dd",
        "is_verified": false,
        "line_number": 18
      },
      {
        "type": "Secret Keyword",
        "filename": "infrastructure/method1-simple-kubectl/02-secrets-example.yaml",
        "hashed_secret": "31f0e59d2cec8974c33253911c4960fedd549cf8",
        "is_verified": false,
        "line_number": 19
      }
    ],
    "infrastructure/method1-simple-kubectl/README.md": [
      {
        "type": "Secret Keyword",
        "filename": "infrastructure/method1-simple-kubectl/README.md",
        "hashed_secret": "f5bedd040b4f69dfe7e68037085ed0d8cc873b52",
        "is_verified": false,
        "line_number": 50
      },
      {
        "type": "Secret Keyword",
        "filename": "infrastructure/method1-simple-kubectl/README.md",
        "hashed_secret": "d413f4d18c4c123dd52776f417b792efdec29c6a",
        "is_verified": false,
        "line_number": 51
      },
      {
        "type": "Secret Keyword",
        "filename": "infrastructure/method1-simple-kubectl/README.md",
        "hashed_secret": "4b8301f628f5e2a42c9de198287fb8632e567cce",
        "is_verified": false,
        "line_number": 52
      },
      {
        "type": "Secret Keyword",
        "filename": "infrastructure/method1-simple-kubectl/README.md",
        "hashed_secret": "8f0cbaea977f12f051bc14dda3584fe7ea0083ac",
        "is_verified": false,
        "line_number": 53
      }
    ],
    "infrastructure/method2-terraform-localstack/lambda-functions/chat-handler/lambda_function.py": [
      {
        "type": "Secret Keyword",
        "filename": "infrastructure/method2-terraform-localstack/lambda-functions/chat-handler/lambda_function.py",
        "hashed_secret": "b49871cab65c884cd09a08e7db8fd53c907da7e9",
        "is_verified": false,
        "line_number": 59
      }
    ],
    "infrastructure/method2-terraform-localstack/main.tf": [
      {
        "type": "Secret Keyword",
        "filename": "infrastructure/method2-terraform-localstack/main.tf",
        "hashed_secret": "a94a8fe5ccb19ba61c4c0873d391e987982fbbd3",
        "is_verified": false,
        "line_number": 19
      }
    ],
    "infrastructure/method3-helm-argocd/helm-chart/portfolio/scripts/create-dev-secrets.sh": [
      {
        "type": "Secret Keyword",
        "filename": "infrastructure/method3-helm-argocd/helm-chart/portfolio/scripts/create-dev-secrets.sh",
        "hashed_secret": "9fc92e030ec94a92757e71c8d9d8b8f4e566072c",
        "is_verified": false,
        "line_number": 8
      }
    ],
    "scripts/bash/ci/create-dev-secrets.sh": [
      {
        "type": "Secret Keyword",
        "filename": "scripts/bash/ci/create-dev-secrets.sh",
        "hashed_secret": "9fc92e030ec94a92757e71c8d9d8b8f4e566072c",
        "is_verified": false,
        "line_number": 8
      }
    ]
  },
  "generated_at": "2025-11-13T19:09:15Z"
}
