{
  "version": "1.5.0",
  "plugins_used": [
    {
      "name": "ArtifactoryDetector"
    },
    {
      "name": "AWSKeyDetector"
    },
    {
      "name": "AzureStorageKeyDetector"
    },
    {
      "name": "Base64HighEntropyString",
      "limit": 4.5
    },
    {
      "name": "BasicAuthDetector"
    },
    {
      "name": "CloudantDetector"
    },
    {
      "name": "DiscordBotTokenDetector"
    },
    {
      "name": "GitHubTokenDetector"
    },
    {
      "name": "HexHighEntropyString",
      "limit": 3.0
    },
    {
      "name": "IbmCloudIamDetector"
    },
    {
      "name": "IbmCosHmacDetector"
    },
    {
      "name": "JwtTokenDetector"
    },
    {
      "name": "KeywordDetector",
      "keyword_exclude": ""
    },
    {
      "name": "MailchimpDetector"
    },
    {
      "name": "NpmDetector"
    },
    {
      "name": "PrivateKeyDetector"
    },
    {
      "name": "SendGridDetector"
    },
    {
      "name": "SlackDetector"
    },
    {
      "name": "SoftlayerDetector"
    },
    {
      "name": "SquareOAuthDetector"
    },
    {
      "name": "StripeDetector"
    },
    {
      "name": "TwilioKeyDetector"
    }
  ],
  "filters_used": [
    {
      "path": "detect_secrets.filters.allowlist.is_line_allowlisted"
    },
    {
      "path": "detect_secrets.filters.common.is_baseline_file",
      "filename": ".secrets.baseline"
    },
    {
      "path": "detect_secrets.filters.common.is_ignored_due_to_verification_policies",
      "min_level": 2
    },
    {
      "path": "detect_secrets.filters.heuristic.is_indirect_reference"
    },
    {
      "path": "detect_secrets.filters.heuristic.is_likely_id_string"
    },
    {
      "path": "detect_secrets.filters.heuristic.is_lock_file"
    },
    {
      "path": "detect_secrets.filters.heuristic.is_not_alphanumeric_string"
    },
    {
      "path": "detect_secrets.filters.heuristic.is_potential_uuid"
    },
    {
      "path": "detect_secrets.filters.heuristic.is_prefixed_with_dollar_sign"
    },
    {
      "path": "detect_secrets.filters.heuristic.is_sequential_string"
    },
    {
      "path": "detect_secrets.filters.heuristic.is_swagger_file"
    },
    {
      "path": "detect_secrets.filters.heuristic.is_templated_secret"
    }
  ],
  "results": {
    ".github/workflows/main.yml": [
      {
        "type": "Secret Keyword",
        "filename": ".github/workflows/main.yml",
        "hashed_secret": "abc15568b7ea236cbd5bd52e8ea7d262bfa1bdd1",
        "is_verified": false,
        "line_number": 593
      }
    ],
    "GP-copilot/01-package/playbooks/07-deploy-ci-pipeline.md": [
      {
        "type": "AWS Access Key",
        "filename": "GP-copilot/01-package/playbooks/07-deploy-ci-pipeline.md",
        "hashed_secret": "1d5bc0e7232d07b336f4d35db4c0200142962f4a",
        "is_verified": false,
        "line_number": 134
      },
      {
        "type": "Secret Keyword",
        "filename": "GP-copilot/01-package/playbooks/07-deploy-ci-pipeline.md",
        "hashed_secret": "1d5bc0e7232d07b336f4d35db4c0200142962f4a",
        "is_verified": false,
        "line_number": 134
      }
    ],
    "GP-copilot/01-package/playbooks/12-deploy-dev.md": [
      {
        "type": "Secret Keyword",
        "filename": "GP-copilot/01-package/playbooks/12-deploy-dev.md",
        "hashed_secret": "ddee877a1e0f771178e62b6c18ecd30e479e2cde",
        "is_verified": false,
        "line_number": 244
      },
      {
        "type": "Secret Keyword",
        "filename": "GP-copilot/01-package/playbooks/12-deploy-dev.md",
        "hashed_secret": "86314e1631e30fc5db854911ed6d8f5f0c23e830",
        "is_verified": false,
        "line_number": 245
      }
    ],
    "GP-copilot/02-package/examples/after-fixes.yaml": [
      {
        "type": "Secret Keyword",
        "filename": "GP-copilot/02-package/examples/after-fixes.yaml",
        "hashed_secret": "4cf3524a94e527cf7fe0e02d0a07867a389015d9",
        "is_verified": false,
        "line_number": 66
      }
    ],
    "GP-copilot/02-package/templates/namespace-operator/example-teamnamespace.yaml": [
      {
        "type": "Secret Keyword",
        "filename": "GP-copilot/02-package/templates/namespace-operator/example-teamnamespace.yaml",
        "hashed_secret": "7cb6efb98ba5972a9b5090dc2e517fe14d12cb04",
        "is_verified": false,
        "line_number": 22
      },
      {
        "type": "Secret Keyword",
        "filename": "GP-copilot/02-package/templates/namespace-operator/example-teamnamespace.yaml",
        "hashed_secret": "5ffe533b830f08a0326348a9160afafc8ada44db",
        "is_verified": false,
        "line_number": 34
      }
    ],
    "GP-copilot/03-package/playbooks/10-deploy-logging.md": [
      {
        "type": "Basic Auth Credentials",
        "filename": "GP-copilot/03-package/playbooks/10-deploy-logging.md",
        "hashed_secret": "d033e22ae348aeb5660fc2140aec35850c4da997",
        "is_verified": false,
        "line_number": 92
      }
    ],
    "GP-copilot/03-package/templates/monitoring/README.md": [
      {
        "type": "Secret Keyword",
        "filename": "GP-copilot/03-package/templates/monitoring/README.md",
        "hashed_secret": "553117421c7784d0fece9328355bf703e6fa9c6f",
        "is_verified": false,
        "line_number": 362
      }
    ],
    "GP-copilot/04-package/playbooks/04-rbac-perfection.md": [
      {
        "type": "Secret Keyword",
        "filename": "GP-copilot/04-package/playbooks/04-rbac-perfection.md",
        "hashed_secret": "fb360f9c09ac8c5edb2f18be5de4e80ea4c430d0",
        "is_verified": false,
        "line_number": 104
      }
    ],
    "GP-copilot/05-package/templates/domain-knowledge.yaml": [
      {
        "type": "Base64 High Entropy String",
        "filename": "GP-copilot/05-package/templates/domain-knowledge.yaml",
        "hashed_secret": "44492564a419d8984b4732dd1fdf04d92deb3389",
        "is_verified": false,
        "line_number": 89
      }
    ],
    "GP-copilot/06-package/localstack-guide.md": [
      {
        "type": "Secret Keyword",
        "filename": "GP-copilot/06-package/localstack-guide.md",
        "hashed_secret": "a94a8fe5ccb19ba61c4c0873d391e987982fbbd3",
        "is_verified": false,
        "line_number": 81
      },
      {
        "type": "Secret Keyword",
        "filename": "GP-copilot/06-package/localstack-guide.md",
        "hashed_secret": "25d8a65213a6f5d756380742d9df6feafb260803",
        "is_verified": false,
        "line_number": 193
      }
    ],
    "GP-copilot/06-package/playbooks/03-data-protection.md": [
      {
        "type": "Secret Keyword",
        "filename": "GP-copilot/06-package/playbooks/03-data-protection.md",
        "hashed_secret": "244bd2a178fc2a9f37e49e18ea79b4da4cdc12e7",
        "is_verified": false,
        "line_number": 257
      }
    ],
    "GP-copilot/06-package/terraform/README.md": [
      {
        "type": "Secret Keyword",
        "filename": "GP-copilot/06-package/terraform/README.md",
        "hashed_secret": "f2b14f68eb995facb3a1c35287b778d5bd785511",
        "is_verified": false,
        "line_number": 349
      }
    ],
    "GP-copilot/06-package/tools/helm-values-prod.yaml": [
      {
        "type": "Secret Keyword",
        "filename": "GP-copilot/06-package/tools/helm-values-prod.yaml",
        "hashed_secret": "92c6911b451fd04c721974fbe69a807e79575607",
        "is_verified": false,
        "line_number": 136
      }
    ],
    "GP-copilot/07-package/templates/kubernetes-templates/deployment.yaml": [
      {
        "type": "Secret Keyword",
        "filename": "GP-copilot/07-package/templates/kubernetes-templates/deployment.yaml",
        "hashed_secret": "4024bb8f10f599058d48ef68473a3aea31b953ca",
        "is_verified": false,
        "line_number": 159
      },
      {
        "type": "Secret Keyword",
        "filename": "GP-copilot/07-package/templates/kubernetes-templates/deployment.yaml",
        "hashed_secret": "19b3288ba14271ad63c11de1f40e1d928f7fc122",
        "is_verified": false,
        "line_number": 161
      }
    ],
    "GP-copilot/08-package/deployment-configs/cronjob.yaml": [
      {
        "type": "Secret Keyword",
        "filename": "GP-copilot/08-package/deployment-configs/cronjob.yaml",
        "hashed_secret": "e383adc92711d348f6df827db2452eddcbd32384",
        "is_verified": false,
        "line_number": 70
      }
    ],
    "GP-copilot/08-package/playbooks/00-vendor-integration-quickstart.md": [
      {
        "type": "Secret Keyword",
        "filename": "GP-copilot/08-package/playbooks/00-vendor-integration-quickstart.md",
        "hashed_secret": "c303df00cd0a72b21c62900b758b06fc541664ce",
        "is_verified": false,
        "line_number": 85
      }
    ],
    "GP-copilot/08-package/playbooks/01-falcon-crowdstrike.md": [
      {
        "type": "Secret Keyword",
        "filename": "GP-copilot/08-package/playbooks/01-falcon-crowdstrike.md",
        "hashed_secret": "c303df00cd0a72b21c62900b758b06fc541664ce",
        "is_verified": false,
        "line_number": 101
      }
    ],
    "GP-copilot/08-package/playbooks/02-wiz-cloud-security.md": [
      {
        "type": "Secret Keyword",
        "filename": "GP-copilot/08-package/playbooks/02-wiz-cloud-security.md",
        "hashed_secret": "c303df00cd0a72b21c62900b758b06fc541664ce",
        "is_verified": false,
        "line_number": 394
      }
    ],
    "GP-copilot/08-package/playbooks/05-adding-new-vendor.md": [
      {
        "type": "Secret Keyword",
        "filename": "GP-copilot/08-package/playbooks/05-adding-new-vendor.md",
        "hashed_secret": "6d9c68c603e465077bdd49c62347fe54717f83a3",
        "is_verified": false,
        "line_number": 395
      },
      {
        "type": "Secret Keyword",
        "filename": "GP-copilot/08-package/playbooks/05-adding-new-vendor.md",
        "hashed_secret": "29c32f233d04598b3181c0e27ea0ec7a5c949297",
        "is_verified": false,
        "line_number": 396
      }
    ],
    "backend/engines/llm_interface.py": [
      {
        "type": "Hex High Entropy String",
        "filename": "backend/engines/llm_interface.py",
        "hashed_secret": "d4e6dd40c6ca2d5031a46ee85764c6aca553dc1f",
        "is_verified": false,
        "line_number": 43
      }
    ],
    "infrastructure/method1-simple-kubectl/README.md": [
      {
        "type": "Secret Keyword",
        "filename": "infrastructure/method1-simple-kubectl/README.md",
        "hashed_secret": "f5bedd040b4f69dfe7e68037085ed0d8cc873b52",
        "is_verified": false,
        "line_number": 198
      },
      {
        "type": "Secret Keyword",
        "filename": "infrastructure/method1-simple-kubectl/README.md",
        "hashed_secret": "d413f4d18c4c123dd52776f417b792efdec29c6a",
        "is_verified": false,
        "line_number": 199
      },
      {
        "type": "Secret Keyword",
        "filename": "infrastructure/method1-simple-kubectl/README.md",
        "hashed_secret": "4b8301f628f5e2a42c9de198287fb8632e567cce",
        "is_verified": false,
        "line_number": 200
      },
      {
        "type": "Secret Keyword",
        "filename": "infrastructure/method1-simple-kubectl/README.md",
        "hashed_secret": "8f0cbaea977f12f051bc14dda3584fe7ea0083ac",
        "is_verified": false,
        "line_number": 201
      }
    ],
    "infrastructure/method2-terraform-localstack/s2-terraform-localstack/SUMMARY.md": [
      {
        "type": "Secret Keyword",
        "filename": "infrastructure/method2-terraform-localstack/s2-terraform-localstack/SUMMARY.md",
        "hashed_secret": "a94a8fe5ccb19ba61c4c0873d391e987982fbbd3",
        "is_verified": false,
        "line_number": 82
      }
    ],
    "infrastructure/method2-terraform-localstack/s2-terraform-localstack/main.tf": [
      {
        "type": "Secret Keyword",
        "filename": "infrastructure/method2-terraform-localstack/s2-terraform-localstack/main.tf",
        "hashed_secret": "a94a8fe5ccb19ba61c4c0873d391e987982fbbd3",
        "is_verified": false,
        "line_number": 17
      }
    ],
    "rag-pipeline/04-processed-rag-data/01-infrastructure-deployment.md": [
      {
        "type": "Secret Keyword",
        "filename": "rag-pipeline/04-processed-rag-data/01-infrastructure-deployment.md",
        "hashed_secret": "6d9c68c603e465077bdd49c62347fe54717f83a3",
        "is_verified": false,
        "line_number": 122
      },
      {
        "type": "Secret Keyword",
        "filename": "rag-pipeline/04-processed-rag-data/01-infrastructure-deployment.md",
        "hashed_secret": "fae6cf375323b9cd127413c7529d13f7b6e63185",
        "is_verified": false,
        "line_number": 158
      },
      {
        "type": "Secret Keyword",
        "filename": "rag-pipeline/04-processed-rag-data/01-infrastructure-deployment.md",
        "hashed_secret": "cab7ce2d3faac130b08cf35085fa5aef8f41e0e2",
        "is_verified": false,
        "line_number": 159
      },
      {
        "type": "Secret Keyword",
        "filename": "rag-pipeline/04-processed-rag-data/01-infrastructure-deployment.md",
        "hashed_secret": "5687040266d1ace07fdd4a4515b9387dd5b5a5dd",
        "is_verified": false,
        "line_number": 160
      },
      {
        "type": "Secret Keyword",
        "filename": "rag-pipeline/04-processed-rag-data/01-infrastructure-deployment.md",
        "hashed_secret": "31f0e59d2cec8974c33253911c4960fedd549cf8",
        "is_verified": false,
        "line_number": 161
      },
      {
        "type": "Secret Keyword",
        "filename": "rag-pipeline/04-processed-rag-data/01-infrastructure-deployment.md",
        "hashed_secret": "a94a8fe5ccb19ba61c4c0873d391e987982fbbd3",
        "is_verified": false,
        "line_number": 662
      },
      {
        "type": "Secret Keyword",
        "filename": "rag-pipeline/04-processed-rag-data/01-infrastructure-deployment.md",
        "hashed_secret": "29c32f233d04598b3181c0e27ea0ec7a5c949297",
        "is_verified": false,
        "line_number": 1016
      }
    ],
    "rag-pipeline/04-processed-rag-data/04-api-backend-architecture.md": [
      {
        "type": "Hex High Entropy String",
        "filename": "rag-pipeline/04-processed-rag-data/04-api-backend-architecture.md",
        "hashed_secret": "d4e6dd40c6ca2d5031a46ee85764c6aca553dc1f",
        "is_verified": false,
        "line_number": 278
      }
    ],
    "rag-pipeline/04-processed-rag-data/2026-01-05-aws-cloud-experience.md": [
      {
        "type": "Secret Keyword",
        "filename": "rag-pipeline/04-processed-rag-data/2026-01-05-aws-cloud-experience.md",
        "hashed_secret": "a94a8fe5ccb19ba61c4c0873d391e987982fbbd3",
        "is_verified": false,
        "line_number": 61
      }
    ],
    "rag-pipeline/04-processed-rag-data/DEPLOYMENT-SUMMARY.md": [
      {
        "type": "Secret Keyword",
        "filename": "rag-pipeline/04-processed-rag-data/DEPLOYMENT-SUMMARY.md",
        "hashed_secret": "6d9c68c603e465077bdd49c62347fe54717f83a3",
        "is_verified": false,
        "line_number": 49
      }
    ],
    "scripts/bash/ci/create-dev-secrets.sh": [
      {
        "type": "Secret Keyword",
        "filename": "scripts/bash/ci/create-dev-secrets.sh",
        "hashed_secret": "9fc92e030ec94a92757e71c8d9d8b8f4e566072c",
        "is_verified": false,
        "line_number": 8
      }
    ]
  },
  "generated_at": "2026-03-19T17:23:37Z"
}
